  Файл: /home/user1
  Размер: 4096      	Блоков: 8          Блок В/В: 4096   каталог
Устройство: 8/4	Инода: 1966667     Ссылки: 2
Доступ: (0700/drwx------)  Uid: ( 1234/   user1)   Gid: ( 1001/students)
Контекст: unconfined_u:object_r:user_home_dir_t:s0
Доступ:        2026-10-01 21:14:23.700453979 +0300
Модифицирован: 2026-10-01 21:55:30.149125331 +0300
Изменён:       2026-10-01 21:55:30.149125331 +0300
Создан:        2026-10-01 21:10:27.947954746 +0300
  Файл: /home/user1/cat
  Размер: 36568     	Блоков: 72         Блок В/В: 4096   обычный файл
Устройство: 8/4	Инода: 1966795     Ссылки: 1
Доступ: (4755/-rwsr-xr-x)  Uid: (    0/    root)   Gid: (    0/    root)
Контекст: unconfined_u:object_r:user_home_t:s0
Доступ:        2026-10-01 21:30:09.838135931 +0300
Модифицирован: 2026-10-01 21:26:49.568011762 +0300
Изменён:       2026-10-01 21:27:19.220437595 +0300
Создан:        2026-10-01 21:26:49.568011762 +0300
  Файл: /home/user1/chown
  Размер: 65840     	Блоков: 144        Блок В/В: 4096   обычный файл
Устройство: 8/4	Инода: 1966804     Ссылки: 1
Доступ: (0755/-rwxr-xr-x)  Uid: (    0/    root)   Gid: (    0/    root)
Контекст: unconfined_u:object_r:user_home_t:s0
Доступ:        2026-10-01 21:39:07.207800120 +0300
Модифицирован: 2026-10-01 21:31:25.110688136 +0300
Изменён:       2026-10-01 21:31:46.086284695 +0300
Создан:        2026-10-01 21:31:25.109688156 +0300
